// Jest Snapshot v1, https://goo.gl/fbAQLP

exports[`Header component should render successfully 1`] = `
ShallowWrapper {
  "length": 1,
  Symbol(enzyme.__root__): [Circular],
  Symbol(enzyme.__unrendered__): <Header />,
  Symbol(enzyme.__renderer__): Object {
    "batchedUpdates": [Function],
    "getNode": [Function],
    "render": [Function],
    "simulateEvent": [Function],
    "unmount": [Function],
  },
  Symbol(enzyme.__node__): Object {
    "instance": null,
    "key": undefined,
    "nodeType": "host",
    "props": Object {
      "children": <nav
        className="css-1kededo-nav"
      >
        <NavLink
          activeClassName="css-vvradc"
          ariaCurrent="true"
          className="css-71tcxc-link"
          exact={true}
          to="/"
        >
          Home
        </NavLink>
        <NavLink
          activeClassName="css-vvradc"
          ariaCurrent="true"
          className="css-71tcxc-link"
          exact={true}
          to="/blacklist"
        >
          Black List
        </NavLink>
      </nav>,
      "className": "css-94njij-header",
    },
    "ref": null,
    "rendered": Object {
      "instance": null,
      "key": undefined,
      "nodeType": "host",
      "props": Object {
        "children": Array [
          <NavLink
            activeClassName="css-vvradc"
            ariaCurrent="true"
            className="css-71tcxc-link"
            exact={true}
            to="/"
          >
            Home
          </NavLink>,
          <NavLink
            activeClassName="css-vvradc"
            ariaCurrent="true"
            className="css-71tcxc-link"
            exact={true}
            to="/blacklist"
          >
            Black List
          </NavLink>,
        ],
        "className": "css-1kededo-nav",
      },
      "ref": null,
      "rendered": Array [
        Object {
          "instance": null,
          "key": undefined,
          "nodeType": "function",
          "props": Object {
            "activeClassName": "css-vvradc",
            "ariaCurrent": "true",
            "children": "Home",
            "className": "css-71tcxc-link",
            "exact": true,
            "to": "/",
          },
          "ref": null,
          "rendered": "Home",
          "type": [Function],
        },
        Object {
          "instance": null,
          "key": undefined,
          "nodeType": "function",
          "props": Object {
            "activeClassName": "css-vvradc",
            "ariaCurrent": "true",
            "children": "Black List",
            "className": "css-71tcxc-link",
            "exact": true,
            "to": "/blacklist",
          },
          "ref": null,
          "rendered": "Black List",
          "type": [Function],
        },
      ],
      "type": "nav",
    },
    "type": "header",
  },
  Symbol(enzyme.__nodes__): Array [
    Object {
      "instance": null,
      "key": undefined,
      "nodeType": "host",
      "props": Object {
        "children": <nav
          className="css-1kededo-nav"
        >
          <NavLink
            activeClassName="css-vvradc"
            ariaCurrent="true"
            className="css-71tcxc-link"
            exact={true}
            to="/"
          >
            Home
          </NavLink>
          <NavLink
            activeClassName="css-vvradc"
            ariaCurrent="true"
            className="css-71tcxc-link"
            exact={true}
            to="/blacklist"
          >
            Black List
          </NavLink>
        </nav>,
        "className": "css-94njij-header",
      },
      "ref": null,
      "rendered": Object {
        "instance": null,
        "key": undefined,
        "nodeType": "host",
        "props": Object {
          "children": Array [
            <NavLink
              activeClassName="css-vvradc"
              ariaCurrent="true"
              className="css-71tcxc-link"
              exact={true}
              to="/"
            >
              Home
            </NavLink>,
            <NavLink
              activeClassName="css-vvradc"
              ariaCurrent="true"
              className="css-71tcxc-link"
              exact={true}
              to="/blacklist"
            >
              Black List
            </NavLink>,
          ],
          "className": "css-1kededo-nav",
        },
        "ref": null,
        "rendered": Array [
          Object {
            "instance": null,
            "key": undefined,
            "nodeType": "function",
            "props": Object {
              "activeClassName": "css-vvradc",
              "ariaCurrent": "true",
              "children": "Home",
              "className": "css-71tcxc-link",
              "exact": true,
              "to": "/",
            },
            "ref": null,
            "rendered": "Home",
            "type": [Function],
          },
          Object {
            "instance": null,
            "key": undefined,
            "nodeType": "function",
            "props": Object {
              "activeClassName": "css-vvradc",
              "ariaCurrent": "true",
              "children": "Black List",
              "className": "css-71tcxc-link",
              "exact": true,
              "to": "/blacklist",
            },
            "ref": null,
            "rendered": "Black List",
            "type": [Function],
          },
        ],
        "type": "nav",
      },
      "type": "header",
    },
  ],
  Symbol(enzyme.__options__): Object {
    "adapter": ReactSixteenAdapter {
      "options": Object {
        "enableComponentDidUpdateOnSetState": true,
      },
    },
  },
}
`;
